// Jest Snapshot v1, https://goo.gl/fbAQLP

exports[`#Components #Signup should render. 1`] = `"<div class=\\"row d-flex justify-content-center\\"><form class=\\"login col-xl-3 col-lg-4 col-md-6 col-8 p-5\\"><div class=\\"form-group row d-flex flex-column\\"><div class=\\"mb-4\\"><div class=\\"row d-flex flex-column form-group\\"><div><input type=\\"text\\" value=\\"\\" placeholder=\\"Username\\" class=\\"form-control  \\"/></div><div class=\\"textInputFeedback position-absolute\\"></div></div></div><div class=\\"mb-4\\"><div class=\\"row d-flex flex-column form-group\\"><div><input type=\\"text\\" value=\\"\\" placeholder=\\"Email\\" class=\\"form-control  \\"/></div><div class=\\"textInputFeedback position-absolute\\"></div></div></div><div class=\\"mb-4\\"><div class=\\"row d-flex flex-column form-group\\"><div><input type=\\"text\\" value=\\"\\" placeholder=\\"Password\\" class=\\"form-control  \\"/></div><div class=\\"textInputFeedback position-absolute\\"></div></div></div><div class=\\"mb-4\\"><div class=\\"row d-flex flex-column form-group\\"><div><input type=\\"text\\" value=\\"\\" placeholder=\\"Re-enter password\\" class=\\"form-control  \\"/></div><div class=\\"textInputFeedback position-absolute\\"></div></div></div><input type=\\"button\\" class=\\"btn btn-secondary\\" value=\\"Sign up!\\"/></div></form></div>"`;
