// Jest Snapshot v1, https://goo.gl/fbAQLP

exports[`#UI #Forms #EditableList #ListItem should render 1`] = `
<div
  className="list-item input-group mb-2"
>
  <span
    className="form-control form-control-sm"
  >
    test
  </span>
  <span
    className="input-group-append"
    onClick={[Function]}
  >
    <AsyncButton
      className="btn btn-sm btn-outline-primary"
    >
      <FontAwesomeIcon
        border={false}
        className=""
        fixedWidth={false}
        flip={null}
        icon={
          Object {
            "icon": Array [
              448,
              512,
              Array [],
              "f068",
              "M416 208H32c-17.67 0-32 14.33-32 32v32c0 17.67 14.33 32 32 32h384c17.67 0 32-14.33 32-32v-32c0-17.67-14.33-32-32-32z",
            ],
            "iconName": "minus",
            "prefix": "fas",
          }
        }
        inverse={false}
        listItem={false}
        mask={null}
        pull={null}
        pulse={false}
        rotation={null}
        size={null}
        spin={false}
        symbol={false}
        transform={null}
      />
    </AsyncButton>
  </span>
</div>
`;
